[avehtml.liquid-themes.com/index-seo.html]
[avehtml.liquid-themes.com/favicon.png]
[backblue.gif]
[fade.gif]
[index.html]
[use.typekit.net/scc6wwx.css]
[avehtml.liquid-themes.com/assets/vendors/liquid-icon/liquid-icon.min.css]
[avehtml.liquid-themes.com/assets/vendors/font-awesome/css/font-awesome.min.css]
[avehtml.liquid-themes.com/assets/css/theme-vendors.min.css]
[avehtml.liquid-themes.com/assets/css/theme.min.css]
[avehtml.liquid-themes.com/assets/css/themes/seo.css]
[avehtml.liquid-themes.com/assets/vendors/modernizr.min.js]
[avehtml.liquid-themes.com/index.html]
[avehtml.liquid-themes.com/assets/img/logo/logo-1.svg]
[avehtml.liquid-themes.com/assets/demo/bg/bg-75.svg]
[avehtml.liquid-themes.com/assets/demo/misc/phone-1.png]
[avehtml.liquid-themes.com/assets/demo/misc/laptop-1.png]
[avehtml.liquid-themes.com/assets/demo/clients/client-8.png]
[avehtml.liquid-themes.com/assets/demo/clients/client-9.png]
[avehtml.liquid-themes.com/assets/demo/clients/client-10.png]
[avehtml.liquid-themes.com/assets/demo/clients/client-11.png]
[avehtml.liquid-themes.com/assets/demo/clients/client-12.png]
[avehtml.liquid-themes.com/assets/demo/bg/bg-76.svg]
[avehtml.liquid-themes.com/assets/demo/misc/fi-7.jpg]
[avehtml.liquid-themes.com/assets/demo/misc/fi-8.jpg]
[avehtml.liquid-themes.com/assets/demo/bg/bg-77.svg]
[avehtml.liquid-themes.com/assets/demo/portfolio/pf-56.jpg]
[avehtml.liquid-themes.com/assets/demo/portfolio/pf-57.jpg]
[avehtml.liquid-themes.com/assets/demo/portfolio/pf-58.jpg]
[avehtml.liquid-themes.com/assets/demo/portfolio/pf-59.jpg]
[avehtml.liquid-themes.com/assets/demo/portfolio/pf-60.jpg]
[avehtml.liquid-themes.com/assets/demo/portfolio/pf-61.jpg]
[avehtml.liquid-themes.com/assets/demo/bg/bg-78.svg]
[avehtml.liquid-themes.com/assets/demo/misc/parallax-img-18.png]
[avehtml.liquid-themes.com/assets/demo/misc/parallax-img-19.png]
[avehtml.liquid-themes.com/assets/demo/misc/parallax-img-20.png]
[avehtml.liquid-themes.com/assets/demo/misc/parallax-img-21.png]
[avehtml.liquid-themes.com/assets/demo/misc/parallax-img-22.png]
[avehtml.liquid-themes.com/assets/demo/bg/bg-79.svg]
[avehtml.liquid-themes.com/assets/demo/misc/pricing-table-1.png]
[avehtml.liquid-themes.com/assets/demo/misc/pricing-table-2.png]
[avehtml.liquid-themes.com/assets/demo/misc/pricing-table-3.png]
[avehtml.liquid-themes.com/assets/demo/blog/blog-6.jpg]
[avehtml.liquid-themes.com/assets/demo/blog/blog-7.jpg]
[avehtml.liquid-themes.com/assets/demo/blog/blog-8.jpg]
[avehtml.liquid-themes.com/assets/vendors/jquery.min.js]
[avehtml.liquid-themes.com/index-seo.html]
[avehtml.liquid-themes.com/assets/js/liquidAjaxMailchimp.min.js]
[avehtml.liquid-themes.com/assets/js/theme.min.js]
[avehtml.liquid-themes.com/assets/js/theme-vendors.js]
[use.typekit.net/af/f3ba4f/00000000000000003b9b12fa/27/l652f]
[use.typekit.net/af/f3ba4f/00000000000000003b9b12fa/27/d652f]
[use.typekit.net/af/f3ba4f/00000000000000003b9b12fa/27/a652f]
[use.typekit.net/af/4eabcf/00000000000000003b9b12fd/27/le196]
[use.typekit.net/af/4eabcf/00000000000000003b9b12fd/27/de196]
[use.typekit.net/scc6wwx.css]
[use.typekit.net/af/4eabcf/00000000000000003b9b12fd/27/ae196]
[avehtml.liquid-themes.com/assets/vendors/liquid-icon/liquid-icon.min.css]
[avehtml.liquid-themes.com/assets/vendors/liquid-icon/fonts/liquid-icon.svg]
[avehtml.liquid-themes.com/assets/vendors/liquid-icon/fonts/liquid-icon.woff]
[avehtml.liquid-themes.com/assets/vendors/font-awesome/fonts/fontawesome-webfont3e6e.eot]
[avehtml.liquid-themes.com/assets/vendors/font-awesome/fonts/fontawesome-webfontd41d.eot]
[avehtml.liquid-themes.com/assets/vendors/font-awesome/fonts/fontawesome-webfont3e6e.woff]
[avehtml.liquid-themes.com/assets/vendors/font-awesome/css/font-awesome.min.css]
[avehtml.liquid-themes.com/assets/vendors/fresco/fresco-skins/sprite.png]
[avehtml.liquid-themes.com/assets/vendors/fresco/fresco-skins/sprite.svg]
[avehtml.liquid-themes.com/assets/css/theme-vendors.min.css]
[avehtml.liquid-themes.com/assets/vendors/font-awesome/fonts/fontawesome-webfont3e6e.svg]
[avehtml.liquid-themes.com/assets/fonts/GlacialIndifference-Regular.woff]
[avehtml.liquid-themes.com/assets/img/misc/browser-bar.jpg]
[avehtml.liquid-themes.com/assets/fonts/GlacialIndifference-Bold.woff]
[avehtml.liquid-themes.com/assets/vendors/font-awesome/fonts/fontawesome-webfont3e6e.ttf]
[avehtml.liquid-themes.com/assets/img/spinners/spinner-4-light.svg]
[avehtml.liquid-themes.com/assets/img/spinners/spinner-1.gif]
[avehtml.liquid-themes.com/assets/img/spinners/spinner-2.gif]
[avehtml.liquid-themes.com/assets/css/theme.min.css]
[avehtml.liquid-themes.com/assets/css/themes/seo.css]
[use.typekit.net/qxb8htk.css]
[avehtml.liquid-themes.com/assets/css/themes/original.css]
[avehtml.liquid-themes.com/assets/img/logo/logo-light.svg]
[avehtml.liquid-themes.com/index-creative.html]
[avehtml.liquid-themes.com/index-wave.html]
[avehtml.liquid-themes.com/index-voguish.html]
[avehtml.liquid-themes.com/index-digital-creative.html]
[avehtml.liquid-themes.com/index-business.html]
[avehtml.liquid-themes.com/index-multiconcept.html]
[avehtml.liquid-themes.com/index-restaurant.html]
[avehtml.liquid-themes.com/index-mobile.html]
[avehtml.liquid-themes.com/index-services.html]
[avehtml.liquid-themes.com/index-digital-agency.html]
[avehtml.liquid-themes.com/index-opus.html]
[avehtml.liquid-themes.com/index-opus-2.html]
[avehtml.liquid-themes.com/index-opus-3.html]
[avehtml.liquid-themes.com/index-freelancer.html]
[avehtml.liquid-themes.com/index-crypto.html]
[avehtml.liquid-themes.com/index-travel.html]
[avehtml.liquid-themes.com/index-gym.html]
[avehtml.liquid-themes.com/index-rtl.html]
[avehtml.liquid-themes.com/index-virtus-1.html]
[avehtml.liquid-themes.com/index-virtus-2.html]
[avehtml.liquid-themes.com/index-virtus-3.html]
[avehtml.liquid-themes.com/index-virtus-4.html]
[avehtml.liquid-themes.com/index-virtus-5.html]
[avehtml.liquid-themes.com/index-charity.html]
[avehtml.liquid-themes.com/index-construction.html]
[avehtml.liquid-themes.com/page-about-classic.html]
[avehtml.liquid-themes.com/page-about-build.html]
[avehtml.liquid-themes.com/page-about-company-classic-1.html]
[avehtml.liquid-themes.com/page-about-avantgarde.html]
[avehtml.liquid-themes.com/page-about-personal.html]
[avehtml.liquid-themes.com/page-about-concept.html]
[avehtml.liquid-themes.com/page-about-company.html]
[avehtml.liquid-themes.com/page-services-build.html]
[avehtml.liquid-themes.com/page-services-company-classic.html]
[avehtml.liquid-themes.com/page-services-agency.html]
[avehtml.liquid-themes.com/page-services-personal.html]
[avehtml.liquid-themes.com/page-services-simple.html]
[avehtml.liquid-themes.com/page-faq.html]
[avehtml.liquid-themes.com/page-side-menu.html]
[avehtml.liquid-themes.com/page-404.html]
[avehtml.liquid-themes.com/page-coming-soon.html]
[avehtml.liquid-themes.com/page-contact-dark.html]
[avehtml.liquid-themes.com/page-contact-light.html]
[avehtml.liquid-themes.com/element-fancy-images.html]
[avehtml.liquid-themes.com/element-accordions.html]
[avehtml.liquid-themes.com/element-dynamic-shape.html]
[avehtml.liquid-themes.com/element-testimonials.html]
[avehtml.liquid-themes.com/element-contact-forms.html]
[avehtml.liquid-themes.com/element-pricing-tables.html]
[avehtml.liquid-themes.com/element-carousels.html]
[avehtml.liquid-themes.com/element-fancy-texts.html]
[avehtml.liquid-themes.com/element-3d-carousel.html]
[avehtml.liquid-themes.com/element-circular-images.html]
[avehtml.liquid-themes.com/element-particles.html]
[avehtml.liquid-themes.com/element-slideshow.html]
[avehtml.liquid-themes.com/element-newsletter.html]
[avehtml.liquid-themes.com/element-latest-posts.html]
[avehtml.liquid-themes.com/element-counters.html]
[avehtml.liquid-themes.com/element-structure.html]
[avehtml.liquid-themes.com/element-iconbox-1.html]
[avehtml.liquid-themes.com/element-iconbox-2.html]
[avehtml.liquid-themes.com/element-iconbox-3.html]
[avehtml.liquid-themes.com/element-media-elements.html]
[avehtml.liquid-themes.com/element-media-gallery.html]
[avehtml.liquid-themes.com/element-buttons.html]
[avehtml.liquid-themes.com/element-team-members.html]
[avehtml.liquid-themes.com/element-progressbars.html]
[avehtml.liquid-themes.com/element-sticky-submenu.html]
[avehtml.liquid-themes.com/element-social-elements.html]
[avehtml.liquid-themes.com/element-typography.html]
[avehtml.liquid-themes.com/element-fancy-boxes.html]
[avehtml.liquid-themes.com/element-flip-boxes.html]
[avehtml.liquid-themes.com/element-clients.html]
[avehtml.liquid-themes.com/element-tabs.html]
[avehtml.liquid-themes.com/element-modal.html]
[avehtml.liquid-themes.com/portfolio-grid-1.html]
[avehtml.liquid-themes.com/portfolio-grid-2.html]
[avehtml.liquid-themes.com/portfolio-grid-3.html]
[avehtml.liquid-themes.com/portfolio-grid-4.html]
[avehtml.liquid-themes.com/portfolio-grid-5.html]
[avehtml.liquid-themes.com/portfolio-grid-6.html]
[avehtml.liquid-themes.com/portfolio-grid-7.html]
[avehtml.liquid-themes.com/portfolio-single-1.html]
[avehtml.liquid-themes.com/blog-with-sidebar.html]
[avehtml.liquid-themes.com/blog-split.html]
[avehtml.liquid-themes.com/blog-masonry.html]
[avehtml.liquid-themes.com/blog-modern.html]
[avehtml.liquid-themes.com/blog-date.html]
[avehtml.liquid-themes.com/blog-classic.html]
[avehtml.liquid-themes.com/blog-magazine.html]
[avehtml.liquid-themes.com/blog-featured.html]
[avehtml.liquid-themes.com/blog-grid.html]
[avehtml.liquid-themes.com/blog-single.html]
[avehtml.liquid-themes.com/assets/demo/banners/banner-1.jpg]
[avehtml.liquid-themes.com/assets/demo/portfolio/pf-1.jpg]
[avehtml.liquid-themes.com/assets/demo/portfolio/pf-2.jpg]
[avehtml.liquid-themes.com/assets/demo/portfolio/pf-3.jpg]
[avehtml.liquid-themes.com/assets/demo/portfolio/pf-4.jpg]
[avehtml.liquid-themes.com/assets/demo/portfolio/pf-5.jpg]
[avehtml.liquid-themes.com/assets/demo/portfolio/pf-6.jpg]
[avehtml.liquid-themes.com/assets/demo/misc/carousel-item-28.jpg]
[avehtml.liquid-themes.com/assets/demo/team/team-1.jpg]
[avehtml.liquid-themes.com/assets/demo/team/team-2.jpg]
[avehtml.liquid-themes.com/assets/demo/team/team-3.jpg]
[avehtml.liquid-themes.com/assets/demo/bg/bg-2.jpg]
[avehtml.liquid-themes.com/assets/demo/testimonials/testi-1.jpg]
[avehtml.liquid-themes.com/assets/demo/testimonials/testi-2.png]
[avehtml.liquid-themes.com/assets/demo/bg/bg-3.jpg]
[avehtml.liquid-themes.com/cdn-cgi/l/email-protection.html]
[avehtml.liquid-themes.com/index.html]
[avehtml.liquid-themes.com/assets/img/logo/logo-1.svg]
[avehtml.liquid-themes.com/assets/demo/bg/bg-75.svg]
[avehtml.liquid-themes.com/assets/demo/bg/bg-76.svg]
[avehtml.liquid-themes.com/assets/demo/bg/bg-77.svg]
[avehtml.liquid-themes.com/assets/demo/bg/bg-78.svg]
[avehtml.liquid-themes.com/assets/demo/bg/bg-79.svg]
[p.typekit.net/p4130.css]
[avehtml.liquid-themes.com/cdn-cgi/scripts/5c5dd728/cloudflare-static/email-decode.min.js]
[avehtml.liquid-themes.com/assets/vendors/liquid-icon/fonts/liquid-icon.svg]
[avehtml.liquid-themes.com/assets/vendors/font-awesome/fonts/fontawesome-webfont3e6e.html]
[avehtml.liquid-themes.com/assets/vendors/font-awesome/fonts/fontawesome-webfont3e6e.svg]
[avehtml.liquid-themes.com/assets/vendors/fresco/fresco-skins/sprite.svg]
[avehtml.liquid-themes.com/assets/fonts/GlacialIndifference-Regular.html]
[avehtml.liquid-themes.com/assets/fonts/GlacialIndifference-Bold.html]
[avehtml.liquid-themes.com/assets/img/spinners/spinner-4-light.svg]
[use.typekit.net/af/d7bb7b/0000000000000000000178a7/27/l652f]
[use.typekit.net/af/d7bb7b/0000000000000000000178a7/27/d652f]
[use.typekit.net/qxb8htk.css]
[use.typekit.net/af/d7bb7b/0000000000000000000178a7/27/a652f]
[avehtml.liquid-themes.com/assets/css/themes/original.css]
[avehtml.liquid-themes.com/assets/img/logo/logo-light.svg]
[avehtml.liquid-themes.com/assets/css/themes/creative.css]
[avehtml.liquid-themes.com/assets/fonts/cerebri-sans.woff]
[avehtml.liquid-themes.com/assets/demo/misc/masked-img-1.jpg]
[avehtml.liquid-themes.com/assets/demo/portfolio/pf-11.jpg]
[avehtml.liquid-themes.com/assets/demo/portfolio/pf-10.jpg]
[avehtml.liquid-themes.com/assets/demo/portfolio/pf-18.jpg]
[avehtml.liquid-themes.com/assets/demo/portfolio/pf-12.jpg]
[avehtml.liquid-themes.com/assets/demo/portfolio/pf-14.jpg]
[avehtml.liquid-themes.com/assets/demo/portfolio/pf-13.jpg]
[avehtml.liquid-themes.com/assets/demo/portfolio/pf-16.jpg]
[avehtml.liquid-themes.com/assets/demo/portfolio/pf-15.jpg]
[avehtml.liquid-themes.com/assets/demo/portfolio/pf-17.jpg]
[avehtml.liquid-themes.com/assets/demo/team/team-4.jpg]
[avehtml.liquid-themes.com/assets/demo/team/team-5.jpg]
[avehtml.liquid-themes.com/assets/demo/team/team-6.jpg]
[avehtml.liquid-themes.com/assets/demo/testimonials/testi-3.png]
[avehtml.liquid-themes.com/assets/demo/testimonials/testi-4.png]
[avehtml.liquid-themes.com/assets/demo/testimonials/testi-5.png]
[avehtml.liquid-themes.com/index-creative.html]
[avehtml.liquid-themes.com/assets/css/themes/wave.css]
[avehtml.liquid-themes.com/assets/demo/misc/promo-1.jpg]
[avehtml.liquid-themes.com/assets/demo/misc/promo-2.jpg]
[avehtml.liquid-themes.com/assets/demo/misc/promo-3.jpg]
[avehtml.liquid-themes.com/assets/demo/misc/promo-4.jpg]
[avehtml.liquid-themes.com/assets/demo/misc/promo-5.jpg]
[avehtml.liquid-themes.com/index-wave.html]
[avehtml.liquid-themes.com/assets/vendors/pagePiling/dist/jquery.pagepiling.min.js]
[use.typekit.net/vtq7trz.css]
[avehtml.liquid-themes.com/assets/css/themes/voguish.css]
[avehtml.liquid-themes.com/assets/img/logo/voguish-dark.svg]
[avehtml.liquid-themes.com/assets/img/logo/voguish-light.svg]
[avehtml.liquid-themes.com/assets/demo/bg/bg-7.jpg]
[avehtml.liquid-themes.com/assets/demo/misc/parallax-img-4.jpg]
[avehtml.liquid-themes.com/assets/demo/misc/parallax-img-5.jpg]
[avehtml.liquid-themes.com/assets/demo/icon/icon-1.png]
[avehtml.liquid-themes.com/assets/demo/icon/icon-2.png]
[avehtml.liquid-themes.com/assets/demo/icon/icon-3.png]
[avehtml.liquid-themes.com/assets/demo/misc/fb-1.jpg]
[avehtml.liquid-themes.com/assets/demo/misc/fb-2.jpg]
[avehtml.liquid-themes.com/assets/demo/misc/fb-3.jpg]
[avehtml.liquid-themes.com/assets/demo/misc/parallax-img-7.jpg]
[avehtml.liquid-themes.com/assets/demo/testimonials/testi-8.jpg]
[avehtml.liquid-themes.com/assets/demo/misc/parallax-img-6.jpg]
[avehtml.liquid-themes.com/assets/demo/bg/bg-8.jpg]
[avehtml.liquid-themes.com/index-voguish.html]
[avehtml.liquid-themes.com/assets/css/themes/digital-creative.css]
[avehtml.liquid-themes.com/assets/demo/misc/browser-sc.jpg]
[avehtml.liquid-themes.com/assets/demo/portfolio/pf-31.jpg]
[avehtml.liquid-themes.com/assets/demo/portfolio/pf-32.jpg]
[avehtml.liquid-themes.com/assets/demo/portfolio/pf-33.jpg]
[avehtml.liquid-themes.com/assets/demo/portfolio/pf-34.jpg]
[avehtml.liquid-themes.com/assets/demo/portfolio/pf-36.jpg]
[avehtml.liquid-themes.com/assets/demo/portfolio/pf-35.jpg]
[avehtml.liquid-themes.com/assets/demo/team/team-12.jpg]
[avehtml.liquid-themes.com/assets/demo/team/team-11.jpg]
[avehtml.liquid-themes.com/assets/demo/team/team-14.jpg]
[avehtml.liquid-themes.com/assets/demo/team/team-13.jpg]
[avehtml.liquid-themes.com/assets/demo/team/team-15.png]
[avehtml.liquid-themes.com/assets/demo/clients/client-1.png]
[avehtml.liquid-themes.com/assets/demo/clients/client-2.png]
[avehtml.liquid-themes.com/assets/demo/clients/client-3.png]
[avehtml.liquid-themes.com/assets/demo/clients/client-4.png]
[avehtml.liquid-themes.com/assets/demo/clients/client-5.png]
[avehtml.liquid-themes.com/assets/demo/clients/client-6.png]
[avehtml.liquid-themes.com/assets/demo/latest-posts/lp-4.jpg]
[avehtml.liquid-themes.com/assets/demo/latest-posts/lp-5.jpg]
[avehtml.liquid-themes.com/assets/demo/latest-posts/lp-6.jpg]
[avehtml.liquid-themes.com/assets/demo/latest-posts/lp-7.jpg]
[avehtml.liquid-themes.com/index-digital-creative.html]
[avehtml.liquid-themes.com/assets/css/themes/business.css]
[avehtml.liquid-themes.com/assets/demo/bg/bg-22.jpg]
[avehtml.liquid-themes.com/assets/demo/misc/fb-8.jpg]
[avehtml.liquid-themes.com/assets/demo/misc/fb-9.jpg]
[avehtml.liquid-themes.com/assets/demo/misc/fb-10.jpg]
[avehtml.liquid-themes.com/assets/demo/bg/bg-23.jpg]
[avehtml.liquid-themes.com/assets/demo/misc/chart-1.png]
[avehtml.liquid-themes.com/assets/demo/bg/bg-24.jpg]
[avehtml.liquid-themes.com/assets/demo/testimonials/testi-11.jpg]
[avehtml.liquid-themes.com/assets/demo/testimonials/testi-12.jpg]
[avehtml.liquid-themes.com/assets/demo/bg/bg-25.jpg]
[avehtml.liquid-themes.com/assets/demo/bg/bg-26.jpg]
[avehtml.liquid-themes.com/assets/demo/bg/bg-27.jpg]
[avehtml.liquid-themes.com/assets/js/liquidAjaxContactForm.min.js]
[avehtml.liquid-themes.com/assets/vendors/css-vars-ponyfill.min.js]
[avehtml.liquid-themes.com/index-business.html]
[avehtml.liquid-themes.com/assets/css/themes/multiconcept.css]
[avehtml.liquid-themes.com/assets/demo/bg/bg-41.jpg]
[avehtml.liquid-themes.com/assets/demo/bg/bg-42.jpg]
[avehtml.liquid-themes.com/assets/demo/bg/bg-43.jpg]
[avehtml.liquid-themes.com/assets/demo/bg/bg-44.jpg]
[avehtml.liquid-themes.com/assets/demo/bg/bg-45.jpg]
[avehtml.liquid-themes.com/index-multiconcept.html]
[use.typekit.net/yza0jhh.css]
[avehtml.liquid-themes.com/assets/css/themes/restaurant.css]
[avehtml.liquid-themes.com/assets/img/logo/restaurant-dark.png]
[avehtml.liquid-themes.com/assets/img/logo/restaurant-light.png]
[avehtml.liquid-themes.com/assets/demo/bg/bg-82.png]
[avehtml.liquid-themes.com/assets/demo/misc/fi-9.jpg]
[avehtml.liquid-themes.com/assets/demo/misc/fi-10.jpg]
[avehtml.liquid-themes.com/assets/img/misc/wave.svg]
[avehtml.liquid-themes.com/assets/demo/misc/fb-36.jpg]
[avehtml.liquid-themes.com/assets/demo/misc/fb-37.jpg]
[avehtml.liquid-themes.com/assets/demo/misc/fb-38.jpg]
[avehtml.liquid-themes.com/assets/demo/misc/fb-39.jpg]
[avehtml.liquid-themes.com/assets/demo/misc/fi-11.jpg]
[avehtml.liquid-themes.com/assets/demo/misc/fi-12.jpg]
[avehtml.liquid-themes.com/assets/demo/bg/bg-83.jpg]
[avehtml.liquid-themes.com/assets/demo/bg/bg-84.jpg]
[avehtml.liquid-themes.com/assets/demo/media-elements/md-27.jpg]
[avehtml.liquid-themes.com/assets/demo/media-elements/md-28.jpg]
[avehtml.liquid-themes.com/assets/demo/media-elements/md-29.jpg]
[avehtml.liquid-themes.com/assets/demo/media-elements/md-30.jpg]
[avehtml.liquid-themes.com/assets/demo/media-elements/md-31.jpg]
[avehtml.liquid-themes.com/assets/demo/media-elements/md-32.jpg]
[avehtml.liquid-themes.com/assets/demo/media-elements/md-33.jpg]
[avehtml.liquid-themes.com/assets/demo/media-elements/md-34.jpg]
[avehtml.liquid-themes.com/assets/demo/bg/bg-85.jpg]
[avehtml.liquid-themes.com/assets/demo/misc/ig-1.jpg]
[avehtml.liquid-themes.com/assets/demo/misc/ig-2.jpg]
[avehtml.liquid-themes.com/assets/demo/misc/ig-3.jpg]
[avehtml.liquid-themes.com/assets/demo/misc/ig-4.jpg]
[avehtml.liquid-themes.com/assets/demo/misc/ig-5.jpg]
[avehtml.liquid-themes.com/assets/demo/misc/ig-6.jpg]
[avehtml.liquid-themes.com/assets/img/logo/restaurant-dark@2x.png]
[avehtml.liquid-themes.com/index-restaurant.html]
[avehtml.liquid-themes.com/assets/css/themes/mobile.css]
[avehtml.liquid-themes.com/assets/demo/bg/bg-14.jpg]
[avehtml.liquid-themes.com/assets/demo/misc/sc-2.png]
[avehtml.liquid-themes.com/assets/demo/misc/sc-3.jpg]
[avehtml.liquid-themes.com/assets/demo/misc/sc-4.jpg]
[avehtml.liquid-themes.com/assets/demo/misc/iphone-1.png]
[avehtml.liquid-themes.com/assets/demo/misc/iphone-2.png]
[avehtml.liquid-themes.com/assets/demo/misc/sc-1.jpg]
[avehtml.liquid-themes.com/assets/demo/misc/browser-sc-2.jpg]
[avehtml.liquid-themes.com/assets/demo/bg/bg-15.jpg]
[avehtml.liquid-themes.com/assets/demo/testimonials/testi-9.png]
[avehtml.liquid-themes.com/assets/demo/testimonials/testi-10.png]
[avehtml.liquid-themes.com/assets/demo/bg/bg-16.jpg]
[avehtml.liquid-themes.com/assets/demo/bg/bg-17.jpg]
[avehtml.liquid-themes.com/index-mobile.html]
[avehtml.liquid-themes.com/assets/css/themes/services.css]
[avehtml.liquid-themes.com/assets/demo/shop/cart/cart-product-1.jpg]
[avehtml.liquid-themes.com/assets/demo/bg/bg-10.jpg]
[avehtml.liquid-themes.com/assets/demo/portfolio/pf-23.jpg]
[avehtml.liquid-themes.com/assets/demo/portfolio/pf-24.jpg]
[avehtml.liquid-themes.com/assets/demo/portfolio/pf-25.jpg]
[avehtml.liquid-themes.com/assets/demo/portfolio/pf-26.jpg]
[avehtml.liquid-themes.com/assets/demo/portfolio/pf-27.jpg]
[avehtml.liquid-themes.com/assets/demo/portfolio/pf-28.jpg]
[avehtml.liquid-themes.com/assets/demo/portfolio/pf-29.jpg]
[avehtml.liquid-themes.com/assets/demo/portfolio/pf-30.jpg]
[avehtml.liquid-themes.com/assets/demo/misc/screens-1.jpg]
[avehtml.liquid-themes.com/assets/demo/misc/fb-4.jpg]
[avehtml.liquid-themes.com/assets/demo/misc/fb-5.jpg]
[avehtml.liquid-themes.com/assets/demo/misc/fb-6.jpg]
[avehtml.liquid-themes.com/assets/demo/misc/fb-7.jpg]
[avehtml.liquid-themes.com/assets/demo/bg/bg-11.jpg]
[avehtml.liquid-themes.com/assets/demo/team/team-7.jpg]
[avehtml.liquid-themes.com/assets/demo/team/team-8.jpg]
[avehtml.liquid-themes.com/assets/demo/team/team-9.jpg]
[avehtml.liquid-themes.com/assets/demo/team/team-10.jpg]
[avehtml.liquid-themes.com/assets/demo/bg/bg-13.jpg]
[avehtml.liquid-themes.com/index-services.html]
[avehtml.liquid-themes.com/assets/css/themes/digital-agency.css]
[avehtml.liquid-themes.com/assets/demo/misc/parallax-img-1.jpg]
[avehtml.liquid-themes.com/assets/demo/misc/parallax-img-2.jpg]
[avehtml.liquid-themes.com/assets/demo/portfolio/pf-19.jpg]
[avehtml.liquid-themes.com/assets/demo/portfolio/pf-20.jpg]
[avehtml.liquid-themes.com/assets/demo/portfolio/pf-21.jpg]
[avehtml.liquid-themes.com/assets/demo/portfolio/pf-22.jpg]
[avehtml.liquid-themes.com/assets/demo/misc/parallax-img-3.jpg]
[avehtml.liquid-themes.com/assets/demo/testimonials/testi-6.jpg]
[avehtml.liquid-themes.com/assets/demo/testimonials/testi-7.jpg]
[avehtml.liquid-themes.com/assets/demo/latest-posts/lp-1.jpg]
[avehtml.liquid-themes.com/assets/demo/latest-posts/lp-2.jpg]
[avehtml.liquid-themes.com/assets/demo/latest-posts/lp-3.jpg]
[avehtml.liquid-themes.com/assets/demo/bg/bg-6.jpg]
[avehtml.liquid-themes.com/index-digital-agency.html]
[avehtml.liquid-themes.com/assets/css/themes/opus.css]
[avehtml.liquid-themes.com/assets/img/logo/opus-dark.svg]
[avehtml.liquid-themes.com/assets/img/logo/opus-blue.svg]
[avehtml.liquid-themes.com/assets/demo/bg/bg-35.jpg]
[avehtml.liquid-themes.com/assets/demo/misc/fancy-image-1.jpg]
[avehtml.liquid-themes.com/assets/demo/misc/parallax-img-10.jpg]
[avehtml.liquid-themes.com/assets/demo/portfolio/pf-44.jpg]
[avehtml.liquid-themes.com/assets/demo/portfolio/pf-45.jpg]
[avehtml.liquid-themes.com/assets/demo/portfolio/pf-46.jpg]
[avehtml.liquid-themes.com/assets/demo/portfolio/pf-47.jpg]
[avehtml.liquid-themes.com/assets/demo/portfolio/pf-48.jpg]
[avehtml.liquid-themes.com/assets/demo/portfolio/pf-49.jpg]
[avehtml.liquid-themes.com/assets/demo/bg/bg-29.jpg]
[avehtml.liquid-themes.com/assets/demo/testimonials/testi-13.png]
[avehtml.liquid-themes.com/assets/demo/bg/bg-28.jpg]
[avehtml.liquid-themes.com/index-opus.html]
[avehtml.liquid-themes.com/assets/css/themes/opus-2.css]
[avehtml.liquid-themes.com/assets/img/logo/opus-2-dark.svg]
[avehtml.liquid-themes.com/assets/img/logo/opus-2-white.svg]
[avehtml.liquid-themes.com/assets/demo/bg/bg-64.jpg]
[avehtml.liquid-themes.com/assets/demo/misc/fb-28.jpg]
[avehtml.liquid-themes.com/assets/demo/misc/fb-29.jpg]
[avehtml.liquid-themes.com/assets/demo/misc/fb-30.jpg]
[avehtml.liquid-themes.com/assets/demo/misc/fb-31.jpg]
[avehtml.liquid-themes.com/assets/demo/misc/fb-23.jpg]
[avehtml.liquid-themes.com/assets/demo/misc/fb-16.jpg]
[avehtml.liquid-themes.com/assets/demo/misc/fi-3.jpg]
[avehtml.liquid-themes.com/assets/demo/bg/bg-65.jpg]
[avehtml.liquid-themes.com/index-opus-2.html]
[avehtml.liquid-themes.com/assets/css/themes/opus-3.css]
[avehtml.liquid-themes.com/assets/img/logo/opus-green.svg]
[avehtml.liquid-themes.com/assets/img/logo/opus-green-light.svg]
[avehtml.liquid-themes.com/assets/demo/bg/bg-89.jpg]
[avehtml.liquid-themes.com/assets/demo/bg/bg-90.jpg]
[avehtml.liquid-themes.com/assets/demo/misc/fi-13.jpg]
[avehtml.liquid-themes.com/assets/demo/avatars/avatar-7.jpg]
[avehtml.liquid-themes.com/assets/demo/avatars/avatar-8.jpg]
[avehtml.liquid-themes.com/assets/demo/avatars/avatar-9.jpg]
[avehtml.liquid-themes.com/assets/demo/avatars/avatar-6.jpg]
[avehtml.liquid-themes.com/index-opus-3.html]
[avehtml.liquid-themes.com/assets/css/themes/freelancer.css]
[avehtml.liquid-themes.com/assets/demo/bg/bg-18.jpg]
[avehtml.liquid-themes.com/assets/demo/bg/bg-19.jpg]
[avehtml.liquid-themes.com/assets/demo/bg/bg-20.png]
[avehtml.liquid-themes.com/assets/demo/portfolio/pf-37.jpg]
[avehtml.liquid-themes.com/assets/demo/portfolio/pf-38.jpg]
[avehtml.liquid-themes.com/assets/demo/portfolio/pf-39.jpg]
[avehtml.liquid-themes.com/assets/demo/portfolio/pf-40.jpg]
[avehtml.liquid-themes.com/assets/demo/portfolio/pf-41.jpg]
[avehtml.liquid-themes.com/assets/demo/portfolio/pf-42.jpg]
[avehtml.liquid-themes.com/assets/demo/portfolio/pf-43.jpg]
[avehtml.liquid-themes.com/index-freelancer.html]
[use.typekit.net/dcf1bki.css]
[avehtml.liquid-themes.com/assets/css/themes/crypto.css]
[avehtml.liquid-themes.com/assets/demo/bg/bg-36.jpg]
[avehtml.liquid-themes.com/assets/demo/misc/parallax-img-11.jpg]
[avehtml.liquid-themes.com/assets/demo/bg/bg-37.jpg]
[avehtml.liquid-themes.com/assets/demo/bg/bg-38.jpg]
[avehtml.liquid-themes.com/assets/demo/bg/bg-39.jpg]
[avehtml.liquid-themes.com/assets/demo/misc/phones.jpg]
[avehtml.liquid-themes.com/assets/demo/bg/bg-40.jpg]
[avehtml.liquid-themes.com/assets/demo/team/team-19.jpg]
[avehtml.liquid-themes.com/assets/demo/team/team-20.jpg]
[avehtml.liquid-themes.com/assets/demo/team/team-21.jpg]
[avehtml.liquid-themes.com/assets/demo/team/team-22.jpg]
[avehtml.liquid-themes.com/assets/demo/blog/blog-9.jpg]
[avehtml.liquid-themes.com/assets/demo/blog/blog-10.jpg]
[avehtml.liquid-themes.com/assets/demo/blog/blog-11.jpg]
[avehtml.liquid-themes.com/assets/demo/blog/blog-12.jpg]
[avehtml.liquid-themes.com/assets/demo/blog/blog-13.jpg]
[avehtml.liquid-themes.com/assets/demo/misc/app-store.jpg]
[avehtml.liquid-themes.com/assets/demo/misc/google-play.jpg]
[avehtml.liquid-themes.com/index-crypto.html]
[avehtml.liquid-themes.com/assets/css/themes/travel.css]
[avehtml.liquid-themes.com/assets/demo/misc/maldives.png]
[avehtml.liquid-themes.com/assets/demo/misc/fb-40.jpg]
[avehtml.liquid-themes.com/assets/demo/misc/fb-41.jpg]
[avehtml.liquid-themes.com/assets/demo/misc/fb-42.jpg]
[avehtml.liquid-themes.com/assets/demo/misc/fb-43.jpg]
[avehtml.liquid-themes.com/assets/demo/misc/fb-44.jpg]
[avehtml.liquid-themes.com/assets/demo/misc/fb-45.jpg]
[avehtml.liquid-themes.com/assets/demo/misc/fb-46.jpg]
[avehtml.liquid-themes.com/assets/demo/misc/fb-47.jpg]
[avehtml.liquid-themes.com/assets/demo/misc/fb-48.jpg]
[avehtml.liquid-themes.com/assets/demo/misc/fb-49.jpg]
[avehtml.liquid-themes.com/assets/demo/misc/fb-50.jpg]
[avehtml.liquid-themes.com/assets/demo/misc/fb-51.jpg]
[avehtml.liquid-themes.com/assets/demo/misc/fb-52.jpg]
[avehtml.liquid-themes.com/assets/demo/misc/star-rating.svg]
[avehtml.liquid-themes.com/assets/demo/misc/logo-5.png]
[avehtml.liquid-themes.com/assets/demo/latest-posts/lp-27.jpg]
[avehtml.liquid-themes.com/assets/demo/latest-posts/lp-28.jpg]
[avehtml.liquid-themes.com/assets/demo/latest-posts/lp-29.jpg]
[avehtml.liquid-themes.com/assets/demo/misc/payments.jpg]
[avehtml.liquid-themes.com/assets/demo/misc/travel-aware-logo.jpg]
[avehtml.liquid-themes.com/index-travel.html]
[avehtml.liquid-themes.com/assets/css/liquid-events-table.min.css]
[avehtml.liquid-themes.com/assets/css/themes/gym.css]
[avehtml.liquid-themes.com/assets/demo/bg/bg-66.jpg]
[avehtml.liquid-themes.com/assets/demo/bg/bg-67.jpg]
[avehtml.liquid-themes.com/assets/demo/bg/bg-63.jpg]
[avehtml.liquid-themes.com/assets/demo/misc/fb-32.jpg]
[avehtml.liquid-themes.com/assets/demo/misc/fb-33.jpg]
[avehtml.liquid-themes.com/assets/demo/misc/fb-34.jpg]
[avehtml.liquid-themes.com/assets/demo/misc/fb-35.jpg]
[avehtml.liquid-themes.com/assets/demo/bg/bg-68.jpg]
[avehtml.liquid-themes.com/assets/demo/team/team-37.jpg]
[avehtml.liquid-themes.com/assets/demo/team/team-38.jpg]
[avehtml.liquid-themes.com/assets/demo/team/team-39.jpg]
[avehtml.liquid-themes.com/assets/demo/latest-posts/lp-11.jpg]
[avehtml.liquid-themes.com/assets/demo/latest-posts/lp-12.jpg]
[avehtml.liquid-themes.com/assets/demo/latest-posts/lp-13.jpg]
[avehtml.liquid-themes.com/assets/demo/bg/bg-69.jpg]
[avehtml.liquid-themes.com/assets/demo/bg/bg-70.jpg]
[avehtml.liquid-themes.com/index-gym.html]
[avehtml.liquid-themes.com/assets/js/liquidEventsTable.min.js]
[avehtml.liquid-themes.com/assets/vendors/bootstrap/css/bootstrap-rtl.min.css]
[avehtml.liquid-themes.com/assets/css/theme-rtl.min.css]
[avehtml.liquid-themes.com/assets/demo/bg/bg-46.jpg]
[avehtml.liquid-themes.com/index-rtl.html]
[avehtml.liquid-themes.com/assets/css/themes/virtus-1.css]
[avehtml.liquid-themes.com/assets/vendors/revolution/css/settings.css]
[avehtml.liquid-themes.com/assets/demo/sliders/virtus-1/virtus.jpg]
[img.youtube.com/vi/tIINXWBVMTM/maxresdefault.jpg]
[avehtml.liquid-themes.com/assets/demo/portfolio/pf-50.jpg]
[avehtml.liquid-themes.com/assets/demo/portfolio/pf-51.jpg]
[avehtml.liquid-themes.com/assets/demo/portfolio/pf-52.jpg]
[avehtml.liquid-themes.com/assets/demo/portfolio/pf-53.jpg]
[avehtml.liquid-themes.com/assets/demo/portfolio/pf-54.jpg]
[avehtml.liquid-themes.com/assets/demo/portfolio/pf-55.jpg]
[avehtml.liquid-themes.com/assets/demo/misc/macbook.jpg]
[avehtml.liquid-themes.com/assets/demo/team/team-30.jpg]
[avehtml.liquid-themes.com/assets/demo/team/team-31.jpg]
[avehtml.liquid-themes.com/assets/demo/team/team-32.jpg]
[avehtml.liquid-themes.com/assets/demo/team/team-33.jpg]
[avehtml.liquid-themes.com/assets/demo/bg/bg-55.jpg]
[avehtml.liquid-themes.com/assets/demo/testimonials/testi-14.jpg]
[avehtml.liquid-themes.com/assets/demo/bg/bg-52.jpg]
[avehtml.liquid-themes.com/assets/vendors/revolution/js/jquery.themepunch.tools.min.js]
[avehtml.liquid-themes.com/assets/vendors/revolution/js/jquery.themepunch.revolution.min.js]
[avehtml.liquid-themes.com/assets/vendors/revolution/js/extensions/revolution.extension.actions.min.js]
[avehtml.liquid-themes.com/assets/vendors/revolution/js/extensions/revolution.extension.carousel.min.js]
[avehtml.liquid-themes.com/assets/vendors/revolution/js/extensions/revolution.extension.kenburn.min.js]
[avehtml.liquid-themes.com/assets/vendors/revolution/js/extensions/revolution.extension.layeranimation.min.js]
[avehtml.liquid-themes.com/assets/vendors/revolution/js/extensions/revolution.extension.migration.min.js]
[avehtml.liquid-themes.com/assets/vendors/revolution/js/extensions/revolution.extension.navigation.min.js]
[avehtml.liquid-themes.com/assets/vendors/revolution/js/extensions/revolution.extension.parallax.min.js]
[avehtml.liquid-themes.com/assets/vendors/revolution/js/extensions/revolution.extension.slideanims.min.js]
[avehtml.liquid-themes.com/assets/vendors/revolution/js/extensions/revolution.extension.video.min.js]
[avehtml.liquid-themes.com/index-virtus-1.html]
[avehtml.liquid-themes.com/assets/css/themes/virtus-2.css]
[avehtml.liquid-themes.com/assets/demo/bg/bg-57.jpg]
[avehtml.liquid-themes.com/assets/demo/misc/parallax-obj-1.svg]
[avehtml.liquid-themes.com/assets/demo/misc/parallax-obj-2.svg]
[avehtml.liquid-themes.com/assets/demo/misc/hand-1.png]
[avehtml.liquid-themes.com/assets/demo/misc/carousel-item-23.jpg]
[avehtml.liquid-themes.com/assets/demo/misc/carousel-item-24.jpg]
[avehtml.liquid-themes.com/assets/demo/misc/carousel-item-22.jpg]
[avehtml.liquid-themes.com/assets/demo/bg/bg-58.jpg]
[avehtml.liquid-themes.com/assets/demo/misc/fb-25.jpg]
[avehtml.liquid-themes.com/assets/demo/misc/fb-26.jpg]
[avehtml.liquid-themes.com/assets/demo/misc/fb-27.jpg]
[avehtml.liquid-themes.com/assets/demo/bg/bg-59.jpg]
[avehtml.liquid-themes.com/assets/demo/team/team-34.jpg]
[avehtml.liquid-themes.com/assets/demo/team/team-35.jpg]
[avehtml.liquid-themes.com/assets/demo/team/team-36.jpg]
[avehtml.liquid-themes.com/assets/demo/bg/bg-60.jpg]
[avehtml.liquid-themes.com/assets/demo/testimonials/testi-15.jpg]
[avehtml.liquid-themes.com/assets/demo/bg/bg-61.jpg]
[avehtml.liquid-themes.com/index-virtus-2.html]
[avehtml.liquid-themes.com/assets/css/themes/virtus-3.css]
[avehtml.liquid-themes.com/assets/demo/sliders/virtus-3/transparent.png]
[avehtml.liquid-themes.com/assets/demo/sliders/virtus-3/4.png]
[avehtml.liquid-themes.com/assets/demo/sliders/virtus-3/1.png]
[avehtml.liquid-themes.com/assets/demo/sliders/virtus-3/7.png]
[avehtml.liquid-themes.com/assets/demo/sliders/virtus-3/2.png]
[avehtml.liquid-themes.com/assets/demo/sliders/virtus-3/5.png]
[avehtml.liquid-themes.com/assets/demo/sliders/virtus-3/3.png]
[avehtml.liquid-themes.com/assets/demo/sliders/virtus-3/6.png]
[avehtml.liquid-themes.com/assets/demo/bg/bg-71.jpg]
[avehtml.liquid-themes.com/assets/demo/misc/ipad.png]
[avehtml.liquid-themes.com/assets/demo/misc/watch-2.jpg]
[avehtml.liquid-themes.com/assets/demo/bg/bg-54.jpg]
[avehtml.liquid-themes.com/assets/demo/misc/macbook.png]
[avehtml.liquid-themes.com/index-virtus-3.html]
[avehtml.liquid-themes.com/assets/css/themes/virtus-4.css]
[avehtml.liquid-themes.com/assets/img/logo/opus-red.svg]
[avehtml.liquid-themes.com/assets/demo/bg/map.jpg]
[avehtml.liquid-themes.com/assets/demo/misc/fi-5.jpg]
[avehtml.liquid-themes.com/assets/demo/misc/fi-4.jpg]
[avehtml.liquid-themes.com/assets/demo/misc/fi-6.jpg]
[avehtml.liquid-themes.com/assets/demo/bg/bg-56.jpg]
[avehtml.liquid-themes.com/index-virtus-4.html]
[avehtml.liquid-themes.com/assets/css/themes/virtus-5.css]
[avehtml.liquid-themes.com/assets/img/logo/opus-red-dark.svg]
[avehtml.liquid-themes.com/assets/demo/bg/bg-72.jpg]
[avehtml.liquid-themes.com/assets/demo/bg/bg-73.jpg]
[avehtml.liquid-themes.com/assets/demo/bg/bg-74.jpg]
[avehtml.liquid-themes.com/assets/demo/latest-posts/lp-24.jpg]
[avehtml.liquid-themes.com/assets/demo/latest-posts/lp-25.jpg]
[avehtml.liquid-themes.com/assets/demo/latest-posts/lp-26.jpg]
[avehtml.liquid-themes.com/index-virtus-5.html]
[avehtml.liquid-themes.com/assets/css/themes/charity.css]
[avehtml.liquid-themes.com/assets/img/logo/ave-charity-logo-dark.svg]
[avehtml.liquid-themes.com/assets/img/logo/ave-charity-logo.svg]
[avehtml.liquid-themes.com/assets/demo/misc/shape.svg]
[avehtml.liquid-themes.com/assets/demo/misc/fi-15.jpg]
[avehtml.liquid-themes.com/assets/demo/misc/fi-16.jpg]
[avehtml.liquid-themes.com/assets/demo/bg/bg-108.jpg]
[avehtml.liquid-themes.com/assets/demo/bg/bg-109.jpg]
[avehtml.liquid-themes.com/assets/demo/bg/bg-110.jpg]
[avehtml.liquid-themes.com/assets/demo/misc/fb-53.jpg]
[avehtml.liquid-themes.com/assets/demo/misc/fb-54.jpg]
[avehtml.liquid-themes.com/assets/demo/misc/fb-55.jpg]
[avehtml.liquid-themes.com/assets/demo/bg/bg-111.png]
[avehtml.liquid-themes.com/assets/demo/team/team-40.jpg]
[avehtml.liquid-themes.com/assets/demo/team/team-41.jpg]
[avehtml.liquid-themes.com/assets/demo/team/team-42.jpg]
[avehtml.liquid-themes.com/assets/demo/team/team-43.jpg]
[avehtml.liquid-themes.com/assets/demo/team/team-44.jpg]
[avehtml.liquid-themes.com/assets/demo/bg/bg-112.jpg]
[avehtml.liquid-themes.com/assets/demo/latest-posts/lp-33.jpg]
[avehtml.liquid-themes.com/assets/demo/latest-posts/lp-34.jpg]
[avehtml.liquid-themes.com/assets/demo/latest-posts/lp-35.jpg]
[avehtml.liquid-themes.com/assets/demo/bg/bg-113.jpg]
[avehtml.liquid-themes.com/assets/demo/bg/bg-114.png]
[avehtml.liquid-themes.com/assets/img/logo/ave-charity-logo-alt.svg]
[avehtml.liquid-themes.com/index-charity.html]
[avehtml.liquid-themes.com/assets/css/themes/construction.css]
[avehtml.liquid-themes.com/assets/img/logo/ave-logo-construction.svg]
[avehtml.liquid-themes.com/assets/demo/bg/bg-115.jpg]
[avehtml.liquid-themes.com/assets/demo/bg/bg-116.jpg]
[avehtml.liquid-themes.com/assets/demo/bg/bg-118.jpg]
[avehtml.liquid-themes.com/assets/demo/bg/bg-120.jpg]
[avehtml.liquid-themes.com/assets/demo/portfolio/pf-68.jpg]
[avehtml.liquid-themes.com/assets/demo/portfolio/pf-69.jpg]
[avehtml.liquid-themes.com/assets/demo/portfolio/pf-70.jpg]
[avehtml.liquid-themes.com/assets/demo/portfolio/pf-71.jpg]
[avehtml.liquid-themes.com/assets/demo/portfolio/pf-73.jpg]
[avehtml.liquid-themes.com/assets/demo/portfolio/pf-72.jpg]
[avehtml.liquid-themes.com/assets/demo/bg/bg-117.jpg]
[avehtml.liquid-themes.com/assets/demo/avatars/avatar-1@2x.jpg]
[avehtml.liquid-themes.com/assets/demo/avatars/avatar-4.jpg]
[avehtml.liquid-themes.com/assets/demo/avatars/avatar-11.png]
[avehtml.liquid-themes.com/assets/demo/avatars/avatar-10.jpg]
[avehtml.liquid-themes.com/assets/demo/team/team-45.jpg]
[avehtml.liquid-themes.com/assets/demo/team/team-46.jpg]
[avehtml.liquid-themes.com/assets/demo/team/team-47.jpg]
[avehtml.liquid-themes.com/assets/demo/bg/bg-119.jpg]
[avehtml.liquid-themes.com/assets/demo/bg/bg-121.jpg]
[avehtml.liquid-themes.com/assets/demo/bg/bg-122.jpg]
[avehtml.liquid-themes.com/index-construction.html]
[avehtml.liquid-themes.com/assets/demo/bg/bg-30.jpg]
[avehtml.liquid-themes.com/page-about-classic.html]
[avehtml.liquid-themes.com/assets/demo/media-elements/md-23.jpg]
[avehtml.liquid-themes.com/assets/demo/media-elements/md-24.jpg]
[avehtml.liquid-themes.com/assets/demo/media-elements/md-25.jpg]
[avehtml.liquid-themes.com/assets/demo/media-elements/md-26.jpg]
[avehtml.liquid-themes.com/assets/demo/team/team-23.jpg]
[avehtml.liquid-themes.com/assets/demo/team/team-24.jpg]
[avehtml.liquid-themes.com/assets/demo/team/team-25.jpg]
[avehtml.liquid-themes.com/page-about-build.html]
[avehtml.liquid-themes.com/assets/demo/misc/carousel-item-19.jpg]
[avehtml.liquid-themes.com/assets/demo/misc/carousel-item-20.jpg]
[avehtml.liquid-themes.com/assets/demo/misc/carousel-item-21.jpg]
[avehtml.liquid-themes.com/assets/demo/team/team-26.jpg]
[avehtml.liquid-themes.com/assets/demo/team/team-27.jpg]
[avehtml.liquid-themes.com/assets/demo/team/team-28.jpg]
[avehtml.liquid-themes.com/assets/demo/team/team-29.jpg]
[avehtml.liquid-themes.com/page-about-company-classic-1.html]
[avehtml.liquid-themes.com/assets/demo/misc/parallax-img-8.jpg]
[avehtml.liquid-themes.com/assets/demo/misc/parallax-img-9.jpg]
[avehtml.liquid-themes.com/assets/demo/misc/carousel-item-1.jpg]
[avehtml.liquid-themes.com/assets/demo/misc/carousel-item-2.jpg]
[avehtml.liquid-themes.com/assets/demo/misc/carousel-item-3.jpg]
[avehtml.liquid-themes.com/assets/demo/misc/carousel-item-4.jpg]
[avehtml.liquid-themes.com/assets/demo/team/team-16.jpg]
[avehtml.liquid-themes.com/assets/demo/team/team-17.jpg]
[avehtml.liquid-themes.com/assets/demo/team/team-18.jpg]
[avehtml.liquid-themes.com/page-about-avantgarde.html]
[avehtml.liquid-themes.com/page-services-strategies.26a.delayed]
[avehtml.liquid-themes.com/assets/demo/bg/bg-33.jpg]
[avehtml.liquid-themes.com/assets/demo/misc/logo-1.png]
[avehtml.liquid-themes.com/assets/demo/misc/logo-2.png]
[avehtml.liquid-themes.com/assets/demo/misc/logo-3.png]
[avehtml.liquid-themes.com/assets/demo/misc/logo-4.png]
[avehtml.liquid-themes.com/assets/demo/bg/bg-34.jpg]
[avehtml.liquid-themes.com/page-about-personal.html]
[avehtml.liquid-themes.com/assets/demo/misc/fancy-image-2.jpg]
[avehtml.liquid-themes.com/assets/demo/misc/fancy-image-3.jpg]
[avehtml.liquid-themes.com/page-about-concept.html]
[avehtml.liquid-themes.com/assets/demo/bg/bg-31.jpg]
[avehtml.liquid-themes.com/assets/demo/misc/fb-12.jpg]
[avehtml.liquid-themes.com/assets/demo/bg/bg-32.jpg]
[avehtml.liquid-themes.com/page-about-company.html]
[avehtml.liquid-themes.com/assets/demo/bg/bg-53.jpg]
[avehtml.liquid-themes.com/assets/demo/misc/carousel-item-25.jpg]
[avehtml.liquid-themes.com/assets/demo/misc/carousel-item-26.jpg]
[avehtml.liquid-themes.com/page-services-build.html]
[avehtml.liquid-themes.com/assets/demo/misc/fb-11.jpg]
[avehtml.liquid-themes.com/page-services-company-classic.html]
[avehtml.liquid-themes.com/page-services-agency.html]
[avehtml.liquid-themes.com/assets/demo/misc/fi-1.jpg]
[avehtml.liquid-themes.com/assets/demo/clients/client-7.png]
[avehtml.liquid-themes.com/page-services-personal.html]
[avehtml.liquid-themes.com/page-services-simple.html]
[avehtml.liquid-themes.com/assets/demo/misc/carousel-item-7.jpg]
[avehtml.liquid-themes.com/page-side-menu.html]
[avehtml.liquid-themes.com/page-faq.html]
[avehtml.liquid-themes.com/assets/demo/bg/bg-51.jpg]
[avehtml.liquid-themes.com/page-coming-soon.html]
[avehtml.liquid-themes.com/page-404.html]
[avehtml.liquid-themes.com/assets/css/theme-scheme-light.min.css]
[avehtml.liquid-themes.com/page-contact-dark.html]
[avehtml.liquid-themes.com/page-contact-light.html]
[avehtml.liquid-themes.com/assets/demo/misc/parallax-img-13.jpg]
[avehtml.liquid-themes.com/assets/demo/misc/parallax-img-12.jpg]
[avehtml.liquid-themes.com/assets/demo/misc/fi-2.jpg]
[avehtml.liquid-themes.com/assets/demo/misc/parallax-img-14.jpg]
[avehtml.liquid-themes.com/assets/demo/misc/parallax-img-15.jpg]
[avehtml.liquid-themes.com/assets/demo/misc/parallax-img-16.jpg]
[avehtml.liquid-themes.com/assets/demo/misc/parallax-img-17.jpg]
[avehtml.liquid-themes.com/element-fancy-images.html]
[avehtml.liquid-themes.com/element-accordions.html]
[avehtml.liquid-themes.com/element-dynamic-shape.html]
[avehtml.liquid-themes.com/element-testimonials.html]
[avehtml.liquid-themes.com/assets/demo/bg/bg-62.jpg]
[avehtml.liquid-themes.com/element-contact-forms.html]
[avehtml.liquid-themes.com/element-pricing-tables.html]
[avehtml.liquid-themes.com/assets/demo/misc/carousel-item-8.jpg]
[avehtml.liquid-themes.com/assets/demo/misc/carousel-item-9.jpg]
[avehtml.liquid-themes.com/assets/demo/misc/carousel-item-10.jpg]
[avehtml.liquid-themes.com/assets/img/mockups/phone/mockup-1.png]
[avehtml.liquid-themes.com/assets/demo/misc/screen-1.jpg]
[avehtml.liquid-themes.com/assets/demo/misc/screen-2.jpg]
[avehtml.liquid-themes.com/assets/demo/misc/screen-3.jpg]
[avehtml.liquid-themes.com/assets/demo/misc/carousel-item-11.png]
[avehtml.liquid-themes.com/assets/demo/misc/carousel-item-12.png]
[avehtml.liquid-themes.com/assets/demo/misc/carousel-item-13.png]
[avehtml.liquid-themes.com/assets/demo/misc/carousel-item-14.png]
[avehtml.liquid-themes.com/assets/demo/misc/carousel-item-15.png]
[avehtml.liquid-themes.com/assets/demo/misc/carousel-item-16.png]
[avehtml.liquid-themes.com/assets/demo/misc/carousel-item-17.png]
[avehtml.liquid-themes.com/assets/demo/misc/carousel-item-18.png]
[avehtml.liquid-themes.com/element-carousels.html]
[avehtml.liquid-themes.com/element-fancy-texts.html]
[avehtml.liquid-themes.com/assets/demo/misc/carousel-item-5.jpg]
[avehtml.liquid-themes.com/assets/demo/misc/carousel-item-6.jpg]
[avehtml.liquid-themes.com/assets/demo/media-elements/md-1.jpg]
[avehtml.liquid-themes.com/assets/demo/media-elements/md-19.jpg]
[avehtml.liquid-themes.com/assets/demo/media-elements/md-20.jpg]
[avehtml.liquid-themes.com/element-3d-carousel.html]
[avehtml.liquid-themes.com/assets/demo/misc/icon-2.jpg]
[avehtml.liquid-themes.com/assets/demo/misc/icon-1.jpg]
[avehtml.liquid-themes.com/assets/demo/misc/icon-4.jpg]
[avehtml.liquid-themes.com/assets/demo/misc/icon-3.jpg]
[avehtml.liquid-themes.com/element-circular-images.html]
[avehtml.liquid-themes.com/assets/demo/bg/bg-47.jpg]
[avehtml.liquid-themes.com/element-particles.html]
[avehtml.liquid-themes.com/element-slideshow.html]
[avehtml.liquid-themes.com/assets/demo/bg/bg-48.jpg]
[avehtml.liquid-themes.com/element-newsletter.html]
[avehtml.liquid-themes.com/assets/demo/latest-posts/lp-8.jpg]
[avehtml.liquid-themes.com/assets/demo/latest-posts/lp-9.jpg]
[avehtml.liquid-themes.com/assets/demo/latest-posts/lp-10.jpg]
[avehtml.liquid-themes.com/assets/demo/latest-posts/lp-14.jpg]
[avehtml.liquid-themes.com/assets/demo/latest-posts/lp-15.jpg]
[avehtml.liquid-themes.com/assets/demo/latest-posts/lp-16.jpg]
[avehtml.liquid-themes.com/assets/demo/latest-posts/lp-17.jpg]
[avehtml.liquid-themes.com/assets/demo/latest-posts/lp-19.jpg]
[avehtml.liquid-themes.com/assets/demo/latest-posts/lp-20.jpg]
[avehtml.liquid-themes.com/assets/demo/latest-posts/lp-21.jpg]
[avehtml.liquid-themes.com/assets/demo/latest-posts/lp-18.jpg]
[avehtml.liquid-themes.com/assets/demo/latest-posts/lp-22.jpg]
[avehtml.liquid-themes.com/assets/demo/latest-posts/lp-23.jpg]
[avehtml.liquid-themes.com/element-latest-posts.html]
[avehtml.liquid-themes.com/element-counters.html]
[avehtml.liquid-themes.com/element-structure.html]
[avehtml.liquid-themes.com/element-iconbox-1.html]
[avehtml.liquid-themes.com/assets/demo/misc/iconbox-1.jpg]
[avehtml.liquid-themes.com/assets/demo/misc/iconbox-2.jpg]
[avehtml.liquid-themes.com/assets/demo/misc/iconbox-3.jpg]
[avehtml.liquid-themes.com/element-iconbox-2.html]
[avehtml.liquid-themes.com/element-iconbox-3.html]
[avehtml.liquid-themes.com/assets/demo/media-elements/md-21.jpg]
[avehtml.liquid-themes.com/assets/media/self-hosted-video-demo.m4v]
[avehtml.liquid-themes.com/assets/media/self-hosted-video-demo.webm]
[avehtml.liquid-themes.com/assets/media/demo-music.mp3]
[avehtml.liquid-themes.com/element-media-elements.html]
[avehtml.liquid-themes.com/assets/demo/media-elements/md-2.jpg]
[avehtml.liquid-themes.com/assets/demo/media-elements/md-3.jpg]
[avehtml.liquid-themes.com/assets/demo/media-elements/md-4.jpg]
[avehtml.liquid-themes.com/assets/demo/media-elements/md-5.jpg]
[avehtml.liquid-themes.com/assets/demo/media-elements/md-6.jpg]
[avehtml.liquid-themes.com/assets/demo/media-elements/md-7.jpg]
[avehtml.liquid-themes.com/assets/demo/media-elements/md-8.jpg]
[avehtml.liquid-themes.com/assets/demo/media-elements/md-9.jpg]
[avehtml.liquid-themes.com/assets/demo/media-elements/md-10.jpg]
[avehtml.liquid-themes.com/assets/demo/media-elements/md-11.jpg]
[avehtml.liquid-themes.com/assets/demo/media-elements/md-12.jpg]
[avehtml.liquid-themes.com/assets/demo/media-elements/md-13.jpg]
[avehtml.liquid-themes.com/assets/demo/media-elements/md-14.jpg]
[avehtml.liquid-themes.com/assets/demo/media-elements/md-15.jpg]
[avehtml.liquid-themes.com/assets/demo/media-elements/md-16.jpg]
[avehtml.liquid-themes.com/assets/demo/media-elements/md-17.jpg]
[avehtml.liquid-themes.com/assets/demo/media-elements/md-18.jpg]
[avehtml.liquid-themes.com/assets/demo/media-elements/md-22.jpg]
[avehtml.liquid-themes.com/element-media-gallery.html]
[avehtml.liquid-themes.com/element-buttons.html]
[avehtml.liquid-themes.com/element-team-members.html]
[avehtml.liquid-themes.com/element-progressbars.html]
[avehtml.liquid-themes.com/element-sticky-submenu.html]
[avehtml.liquid-themes.com/element-social-elements.html]
[avehtml.liquid-themes.com/element-typography.html]
[avehtml.liquid-themes.com/assets/demo/misc/fb-13.jpg]
[avehtml.liquid-themes.com/assets/demo/misc/fb-14.jpg]
[avehtml.liquid-themes.com/assets/demo/misc/fb-15.jpg]
[avehtml.liquid-themes.com/assets/demo/misc/fb-17.jpg]
[avehtml.liquid-themes.com/assets/demo/misc/fb-18.jpg]
[avehtml.liquid-themes.com/assets/demo/misc/fb-19.jpg]
[avehtml.liquid-themes.com/assets/demo/misc/fb-20.jpg]
[avehtml.liquid-themes.com/assets/demo/misc/fb-21.jpg]
[avehtml.liquid-themes.com/element-fancy-boxes.html]
[avehtml.liquid-themes.com/assets/demo/misc/fb-22.jpg]
[avehtml.liquid-themes.com/assets/demo/misc/fb-24.jpg]
[avehtml.liquid-themes.com/element-flip-boxes.html]
[avehtml.liquid-themes.com/element-clients.html]
[avehtml.liquid-themes.com/element-tabs.html]
[avehtml.liquid-themes.com/element-modal.html]
[avehtml.liquid-themes.com/portfolio-grid-1.html]
[avehtml.liquid-themes.com/portfolio-grid-2.html]
[avehtml.liquid-themes.com/portfolio-grid-3.html]
[avehtml.liquid-themes.com/portfolio-grid-4.html]
[avehtml.liquid-themes.com/portfolio-grid-5.html]
[avehtml.liquid-themes.com/portfolio-grid-6.html]
[avehtml.liquid-themes.com/portfolio-grid-7.html]
[avehtml.liquid-themes.com/assets/demo/portfolio/pf-single-1.jpg]
[avehtml.liquid-themes.com/assets/demo/portfolio/pf-single-2.jpg]
[avehtml.liquid-themes.com/assets/demo/portfolio/pf-single-3.jpg]
[avehtml.liquid-themes.com/assets/demo/portfolio/pf-single-4.jpg]
[avehtml.liquid-themes.com/assets/demo/portfolio/pf-single-5.jpg]
[avehtml.liquid-themes.com/portfolio-single-1.html]
[avehtml.liquid-themes.com/assets/demo/blog/blog-1.jpg]
[avehtml.liquid-themes.com/assets/demo/blog/blog-2.jpg]
[avehtml.liquid-themes.com/assets/demo/blog/blog-3.jpg]
[avehtml.liquid-themes.com/assets/demo/blog/blog-4.jpg]
[avehtml.liquid-themes.com/assets/demo/blog/blog-5.jpg]
[avehtml.liquid-themes.com/assets/demo/misc/sponsored-min.jpg]
[avehtml.liquid-themes.com/blog-with-sidebar.html]
[avehtml.liquid-themes.com/assets/demo/blog/blog-14.jpg]
[avehtml.liquid-themes.com/assets/demo/blog/blog-15.jpg]
[avehtml.liquid-themes.com/assets/demo/blog/blog-16.jpg]
[avehtml.liquid-themes.com/assets/demo/blog/blog-17.jpg]
[avehtml.liquid-themes.com/assets/demo/blog/blog-18.jpg]
[avehtml.liquid-themes.com/blog-split.html]
[avehtml.liquid-themes.com/blog-masonry.html]
[avehtml.liquid-themes.com/blog-modern.html]
[avehtml.liquid-themes.com/blog-date.html]
[avehtml.liquid-themes.com/assets/demo/blog/blog-19.jpg]
[avehtml.liquid-themes.com/assets/demo/blog/blog-20.jpg]
[avehtml.liquid-themes.com/assets/demo/blog/blog-21.jpg]
[avehtml.liquid-themes.com/assets/demo/blog/blog-22.jpg]
[avehtml.liquid-themes.com/assets/demo/blog/blog-23.jpg]
[avehtml.liquid-themes.com/assets/demo/blog/blog-24.jpg]
[avehtml.liquid-themes.com/assets/demo/blog/blog-25.jpg]
[avehtml.liquid-themes.com/assets/demo/blog/blog-26.jpg]
[avehtml.liquid-themes.com/blog-classic.html]
[avehtml.liquid-themes.com/blog-magazine.html]
[avehtml.liquid-themes.com/blog-featured.html]
[avehtml.liquid-themes.com/blog-grid.html]
[avehtml.liquid-themes.com/assets/demo/blog/blog-single-1.jpg]
[avehtml.liquid-themes.com/assets/demo/blog/blog-single-2.jpg]
[avehtml.liquid-themes.com/assets/demo/blog/blog-single-3.jpg]
[avehtml.liquid-themes.com/assets/demo/blog/blog-single-4.jpg]
[avehtml.liquid-themes.com/assets/demo/avatars/avatar-2.jpg]
[avehtml.liquid-themes.com/assets/demo/avatars/avatar-3.jpg]
[avehtml.liquid-themes.com/assets/demo/avatars/avatar-5.jpg]
[avehtml.liquid-themes.com/blog-single.html]
[avehtml.liquid-themes.com/cdn-cgi/l/email-protection.html]
[p.typekit.net/p6290.css]
[avehtml.liquid-themes.com/assets/fonts/cerebri-sans.html]
[avehtml.liquid-themes.com/assets/demo/bg/creative-content-bg.png]
[avehtml.liquid-themes.com/assets/css/themes/creative.css]
[avehtml.liquid-themes.com/assets/css/themes/wave.css]
[use.typekit.net/af/2cd6bf/00000000000000000001008f/27/le003]
[use.typekit.net/af/2cd6bf/00000000000000000001008f/27/de003]
[use.typekit.net/af/1eb35a/000000000000000000010090/27/laf99]
[use.typekit.net/af/2cd6bf/00000000000000000001008f/27/ae003]
[use.typekit.net/af/1eb35a/000000000000000000010090/27/daf99]
[use.typekit.net/af/309dfe/000000000000000000010091/27/l652f]
[use.typekit.net/af/1eb35a/000000000000000000010090/27/aaf99]
[use.typekit.net/af/309dfe/000000000000000000010091/27/d652f]
[use.typekit.net/af/309dfe/000000000000000000010091/27/a652f]
[use.typekit.net/af/c4c302/000000000000000000012192/27/l5bba]
[use.typekit.net/af/c4c302/000000000000000000012192/27/d5bba]
[use.typekit.net/af/1b297b/000000000000000000012193/27/l1f8b]
[use.typekit.net/af/c4c302/000000000000000000012192/27/a5bba]
[use.typekit.net/af/1b297b/000000000000000000012193/27/d1f8b]
[use.typekit.net/vtq7trz.css]
[use.typekit.net/af/1b297b/000000000000000000012193/27/a1f8b]
[avehtml.liquid-themes.com/assets/css/themes/voguish.css]
[avehtml.liquid-themes.com/assets/img/logo/voguish-dark.svg]
[avehtml.liquid-themes.com/assets/img/logo/voguish-light.svg]
[avehtml.liquid-themes.com/assets/css/themes/digital-creative.css]
[avehtml.liquid-themes.com/assets/css/themes/business.css]
[avehtml.liquid-themes.com/assets/css/themes/multiconcept.css]
[avehtml.liquid-themes.com/assets/fonts/basiersquare-regular-webfont.woff]
[use.typekit.net/af/576d53/00000000000000003b9b3066/27/l5bba]
[use.typekit.net/af/576d53/00000000000000003b9b3066/27/d5bba]
[use.typekit.net/af/705e94/00000000000000003b9b3062/27/le196]
[use.typekit.net/af/576d53/00000000000000003b9b3066/27/a5bba]
[use.typekit.net/af/705e94/00000000000000003b9b3062/27/de196]
[use.typekit.net/af/705e94/00000000000000003b9b3062/27/ae196]
[use.typekit.net/af/5c70f2/00000000000000003b9b3063/27/lfdcc]
[use.typekit.net/af/5c70f2/00000000000000003b9b3063/27/dfdcc]
[use.typekit.net/af/6e816b/00000000000000003b9b3064/27/le003]
[use.typekit.net/af/5c70f2/00000000000000003b9b3063/27/afdcc]
[use.typekit.net/af/6e816b/00000000000000003b9b3064/27/de003]
[use.typekit.net/af/6e816b/00000000000000003b9b3064/27/ae003]
[use.typekit.net/af/2837a6/00000000000000003b9ae112/27/le196]
[use.typekit.net/af/2837a6/00000000000000003b9ae112/27/de196]
[use.typekit.net/af/233853/00000000000000003b9ae113/27/lfdcc]
[use.typekit.net/af/2837a6/00000000000000003b9ae112/27/ae196]
[use.typekit.net/af/233853/00000000000000003b9ae113/27/dfdcc]
[use.typekit.net/af/954afc/00000000000000003b9ae10f/27/l6129]
[use.typekit.net/af/233853/00000000000000003b9ae113/27/afdcc]
[use.typekit.net/af/954afc/00000000000000003b9ae10f/27/d6129]
[use.typekit.net/af/26b918/00000000000000003b9ae110/27/l3eab]
[use.typekit.net/af/954afc/00000000000000003b9ae10f/27/a6129]
[use.typekit.net/af/26b918/00000000000000003b9ae110/27/d3eab]
[use.typekit.net/af/26b918/00000000000000003b9ae110/27/a3eab]
[use.typekit.net/af/9d7f06/00000000000000003b9ae111/27/laaa3]
[use.typekit.net/af/9d7f06/00000000000000003b9ae111/27/daaa3]
[use.typekit.net/yza0jhh.css]
[avehtml.liquid-themes.com/assets/css/themes/restaurant.css]
[avehtml.liquid-themes.com/assets/img/misc/wave.svg]
[avehtml.liquid-themes.com/assets/css/themes/mobile.css]
[avehtml.liquid-themes.com/assets/css/themes/services.css]
[avehtml.liquid-themes.com/assets/css/themes/digital-agency.css]
[avehtml.liquid-themes.com/assets/css/themes/opus.css]
[avehtml.liquid-themes.com/assets/img/logo/opus-dark.svg]
[avehtml.liquid-themes.com/assets/img/logo/opus-blue.svg]
[avehtml.liquid-themes.com/assets/css/themes/opus-2.css]
[avehtml.liquid-themes.com/assets/img/logo/opus-2-dark.svg]
[avehtml.liquid-themes.com/assets/img/logo/opus-2-white.svg]
[avehtml.liquid-themes.com/assets/css/themes/opus-3.css]
[avehtml.liquid-themes.com/assets/img/logo/opus-green.svg]
[avehtml.liquid-themes.com/assets/img/logo/opus-green-light.svg]
[avehtml.liquid-themes.com/assets/demo/bg/bg-21.png]
[avehtml.liquid-themes.com/assets/css/themes/freelancer.css]
[use.typekit.net/af/9d7f06/00000000000000003b9ae111/27/aaaa3]
[use.typekit.net/dcf1bki.css]
[avehtml.liquid-themes.com/assets/css/themes/crypto.css]
[avehtml.liquid-themes.com/assets/css/themes/travel.css]
[avehtml.liquid-themes.com/assets/demo/misc/star-rating.svg]
[avehtml.liquid-themes.com/assets/img/jquery-ui/ui-icons_444444_256x240.png]
[avehtml.liquid-themes.com/assets/css/liquid-events-table.min.css]
[avehtml.liquid-themes.com/assets/css/themes/gym.css]
[avehtml.liquid-themes.com/assets/vendors/bootstrap/css/bootstrap-rtl.min.html]
[avehtml.liquid-themes.com/assets/css/theme-rtl.min.css]
[avehtml.liquid-themes.com/assets/css/themes/virtus-1.css]
[avehtml.liquid-themes.com/assets/vendors/revolution/css/settings.html]
[avehtml.liquid-themes.com/assets/vendors/revolution/js/jquery.themepunch.tools.min.html]
[avehtml.liquid-themes.com/assets/vendors/revolution/js/jquery.themepunch.revolution.min.html]
[avehtml.liquid-themes.com/assets/vendors/revolution/js/extensions/revolution.extension.actions.min.html]
[avehtml.liquid-themes.com/assets/vendors/revolution/js/extensions/revolution.extension.carousel.min.html]
[avehtml.liquid-themes.com/assets/vendors/revolution/js/extensions/revolution.extension.kenburn.min.html]
[avehtml.liquid-themes.com/assets/vendors/revolution/js/extensions/revolution.extension.layeranimation.min.html]
[avehtml.liquid-themes.com/assets/vendors/revolution/js/extensions/revolution.extension.migration.min.html]
[avehtml.liquid-themes.com/assets/vendors/revolution/js/extensions/revolution.extension.navigation.min.html]
[avehtml.liquid-themes.com/assets/vendors/revolution/js/extensions/revolution.extension.parallax.min.html]
[avehtml.liquid-themes.com/assets/vendors/revolution/js/extensions/revolution.extension.slideanims.min.html]
[avehtml.liquid-themes.com/assets/vendors/revolution/js/extensions/revolution.extension.video.min.html]
[avehtml.liquid-themes.com/assets/css/themes/virtus-2.css]
[avehtml.liquid-themes.com/assets/demo/misc/parallax-obj-1.svg]
[avehtml.liquid-themes.com/assets/demo/misc/parallax-obj-2.svg]
[avehtml.liquid-themes.com/assets/css/themes/virtus-3.css]
[avehtml.liquid-themes.com/assets/css/themes/virtus-4.css]
[avehtml.liquid-themes.com/assets/img/logo/opus-red.svg]
[avehtml.liquid-themes.com/assets/css/themes/virtus-5.css]
[avehtml.liquid-themes.com/assets/img/logo/opus-red-dark.svg]
[avehtml.liquid-themes.com/assets/fonts/GothaProBol.woff]
[avehtml.liquid-themes.com/assets/css/themes/charity.css]
[avehtml.liquid-themes.com/assets/img/logo/ave-charity-logo-dark.svg]
[avehtml.liquid-themes.com/assets/img/logo/ave-charity-logo.svg]
[avehtml.liquid-themes.com/assets/demo/misc/shape.svg]
[avehtml.liquid-themes.com/assets/img/logo/ave-charity-logo-alt.svg]
[avehtml.liquid-themes.com/assets/css/themes/construction.css]
[avehtml.liquid-themes.com/assets/img/logo/ave-logo-construction.svg]
[avehtml.liquid-themes.com/page-services-strategies.html]
[avehtml.liquid-themes.com/assets/css/theme-scheme-light.min.css]
[avehtml.liquid-themes.com/assets/fonts/GothaProMed.woff]
[avehtml.liquid-themes.com/assets/fonts/GothaProReg.woff]
[p.typekit.net/p6579.css]
[avehtml.liquid-themes.com/assets/fonts/basiersquare-regular-webfont.html]
[p.typekit.net/pb44d.css]
[p.typekit.net/p5940.css]
